#
# There is insufficient memory for the Java Runtime Environment to continue.
# Native memory allocation (malloc) failed to allocate 1048576 bytes. Error detail: AllocateHeap
# Possible reasons:
#   The system is out of physical RAM or swap space
#   This process is running with CompressedOops enabled, and the Java Heap may be blocking the growth of the native heap
# Possible solutions:
#   Reduce memory load on the system
#   Increase physical memory or swap space
#   Check if swap backing store is full
#   Decrease Java heap size (-Xmx/-Xms)
#   Decrease number of Java threads
#   Decrease Java thread stack sizes (-Xss)
#   Set larger code cache with -XX:ReservedCodeCacheSize=
#   JVM is running with Unscaled Compressed Oops mode in which the Java heap is
#     placed in the first 4GB address space. The Java Heap base address is the
#     maximum limit for the native heap growth. Please use -XX:HeapBaseMinAddress
#     to set the Java Heap base and to place the Java Heap above 4GB virtual address.
# This output file may be truncated or incomplete.
#
#  Out of Memory Error (allocation.cpp:44), pid=19664, tid=34132
#
# JRE version: OpenJDK Runtime Environment Temurin-21.0.9+10 (21.0.9+10) (build 21.0.9+10-LTS)
# Java VM: OpenJDK 64-Bit Server VM Temurin-21.0.9+10 (21.0.9+10-LTS, mixed mode, sharing, tiered, compressed oops, compressed class ptrs, parallel gc, windows-amd64)
# No core dump will be written. Minidumps are not enabled by default on client versions of Windows
#

---------------  S U M M A R Y ------------

Command Line: --add-modules=ALL-SYSTEM --add-opens=java.base/java.util=ALL-UNNAMED --add-opens=java.base/java.lang=ALL-UNNAMED --add-opens=java.base/sun.nio.fs=ALL-UNNAMED -Declipse.application=org.eclipse.jdt.ls.core.id1 -Dosgi.bundles.defaultStartLevel=4 -Declipse.product=org.eclipse.jdt.ls.core.product -Djava.import.generatesMetadataFilesAtProjectRoot=false -DDetectVMInstallationsJob.disabled=true -Dfile.encoding=utf8 -XX:+UseParallelGC -XX:GCTimeRatio=4 -XX:AdaptiveSizePolicyWeight=90 -Dsun.zip.disableMemoryMapping=true -Xmx2G -Xms100m -Xlog:disable -javaagent:c:\Users\Admin\.vscode\extensions\redhat.java-1.50.0-win32-x64\lombok\lombok-1.18.39-4050.jar -XX:+HeapDumpOnOutOfMemoryError -XX:HeapDumpPath=c:\Users\Admin\AppData\Roaming\Code\User\workspaceStorage\e4371cc5e7fe0f1a7fdc039a7f39f840\redhat.java -Daether.dependencyCollector.impl=bf c:\Users\Admin\.vscode\extensions\redhat.java-1.50.0-win32-x64\server\plugins\org.eclipse.equinox.launcher_1.7.100.v20251111-0406.jar -configuration c:\Users\Admin\AppData\Roaming\Code\User\globalStorage\redhat.java\1.50.0\config_win -data c:\Users\Admin\AppData\Roaming\Code\User\workspaceStorage\e4371cc5e7fe0f1a7fdc039a7f39f840\redhat.java\jdt_ws --pipe=\\.\pipe\lsp-90ca60bc6e0eba312e7380297ed04ca3-sock

Host: AMD Ryzen 5 5600H with Radeon Graphics         , 12 cores, 7G,  Windows 11 , 64 bit Build 26100 (10.0.26100.7019)
Time: Sat Dec  6 19:35:38 2025 SE Asia Standard Time elapsed time: 1732.295644 seconds (0d 0h 28m 52s)

---------------  T H R E A D  ---------------

Current thread (0x0000018e408755a0):  JavaThread "Attach Listener" daemon [_thread_in_vm, id=34132, stack(0x0000003cb1100000,0x0000003cb1200000) (1024K)]

Stack: [0x0000003cb1100000,0x0000003cb1200000]
Native frames: (J=compiled Java code, j=interpreted, Vv=VM code, C=native code)
V  [jvm.dll+0x6d6e29]
V  [jvm.dll+0x8b4b76]
V  [jvm.dll+0x8b712e]
V  [jvm.dll+0x8b7813]
V  [jvm.dll+0x283d86]
V  [jvm.dll+0xc1277]
V  [jvm.dll+0x6d76d9]
V  [jvm.dll+0x133466]
V  [jvm.dll+0x3f7ea6]
V  [jvm.dll+0x85e9ad]
V  [jvm.dll+0x6d565d]
C  [ucrtbase.dll+0x37b0]
C  [KERNEL32.DLL+0x2e8d7]
C  [ntdll.dll+0x8c53c]


---------------  P R O C E S S  ---------------

Threads class SMR info:
_java_thread_list=0x0000018eb36ae560, length=50, elements={
0x0000018e407d3550, 0x0000018e4077e530, 0x0000018e40871540, 0x0000018e40877670,
0x0000018e408755a0, 0x0000018e40876950, 0x0000018e40877d00, 0x0000018e408816c0,
0x0000018e9959afd0, 0x0000018e40878390, 0x0000018e40878a20, 0x0000018e40875c30,
0x0000018e408762c0, 0x0000018e9a7efbb0, 0x0000018e9a7ecdc0, 0x0000018e9a7ef520,
0x0000018e9a7f0240, 0x0000018e9a7f08d0, 0x0000018e9a7ee170, 0x0000018e9a7ee800,
0x0000018e9a7f3d50, 0x0000018e9a7f29a0, 0x0000018e9a7f36c0, 0x0000018e9a7f43e0,
0x0000018e9a7f15f0, 0x0000018e9a7f2310, 0x0000018ea2b27650, 0x0000018ea2b262a0,
0x0000018ea2b25580, 0x0000018ea2b26930, 0x0000018ea2b25c10, 0x0000018ea2b241d0,
0x0000018ea2b26fc0, 0x0000018ea2b27ce0, 0x0000018ea2b24ef0, 0x0000018ea2b24860,
0x0000018ea2b28370, 0x0000018ea2b28a00, 0x0000018ea4c0f7e0, 0x0000018ea4c11220,
0x0000018ea4c0f150, 0x0000018ea4c10500, 0x0000018ea4c10b90, 0x0000018ea2b29090,
0x0000018ea4c118b0, 0x0000018ea4b30920, 0x0000018ea4b30fb0, 0x0000018ea4b30290,
0x0000018eb465b0e0, 0x0000018eb4657c60
}

Java Threads: ( => current thread )
  0x0000018e407d3550 JavaThread "main"                              [_thread_blocked, id=2200, stack(0x0000003cb0a00000,0x0000003cb0b00000) (1024K)]
  0x0000018e4077e530 JavaThread "Reference Handler"          daemon [_thread_blocked, id=34304, stack(0x0000003cb0e00000,0x0000003cb0f00000) (1024K)]
  0x0000018e40871540 JavaThread "Finalizer"                  daemon [_thread_blocked, id=34640, stack(0x0000003cb0f00000,0x0000003cb1000000) (1024K)]
  0x0000018e40877670 JavaThread "Signal Dispatcher"          daemon [_thread_blocked, id=13176, stack(0x0000003cb1000000,0x0000003cb1100000) (1024K)]
=>0x0000018e408755a0 JavaThread "Attach Listener"            daemon [_thread_in_vm, id=34132, stack(0x0000003cb1100000,0x0000003cb1200000) (1024K)]
  0x0000018e40876950 JavaThread "Service Thread"             daemon [_thread_blocked, id=34620, stack(0x0000003cb1200000,0x0000003cb1300000) (1024K)]
  0x0000018e40877d00 JavaThread "Monitor Deflation Thread"   daemon [_thread_blocked, id=20200, stack(0x0000003cb1300000,0x0000003cb1400000) (1024K)]
  0x0000018e408816c0 JavaThread "C2 CompilerThread0"         daemon [_thread_blocked, id=7188, stack(0x0000003cb1400000,0x0000003cb1500000) (1024K)]
  0x0000018e9959afd0 JavaThread "C1 CompilerThread0"         daemon [_thread_blocked, id=19716, stack(0x0000003cb1500000,0x0000003cb1600000) (1024K)]
  0x0000018e40878390 JavaThread "Common-Cleaner"             daemon [_thread_blocked, id=29260, stack(0x0000003cb1700000,0x0000003cb1800000) (1024K)]
  0x0000018e40878a20 JavaThread "Notification Thread"        daemon [_thread_blocked, id=22012, stack(0x0000003cb1800000,0x0000003cb1900000) (1024K)]
  0x0000018e40875c30 JavaThread "Active Thread: Equinox Container: 868539b7-eda4-48b5-895c-9823975ea54f"        [_thread_blocked, id=604, stack(0x0000003cb1f00000,0x0000003cb2000000) (1024K)]
  0x0000018e408762c0 JavaThread "Refresh Thread: Equinox Container: 868539b7-eda4-48b5-895c-9823975ea54f" daemon [_thread_blocked, id=4356, stack(0x0000003cb2000000,0x0000003cb2100000) (1024K)]
  0x0000018e9a7efbb0 JavaThread "Framework Event Dispatcher: Equinox Container: 868539b7-eda4-48b5-895c-9823975ea54f" daemon [_thread_blocked, id=31460, stack(0x0000003cb2200000,0x0000003cb2300000) (1024K)]
  0x0000018e9a7ecdc0 JavaThread "Start Level: Equinox Container: 868539b7-eda4-48b5-895c-9823975ea54f" daemon [_thread_blocked, id=29968, stack(0x0000003cb2300000,0x0000003cb2400000) (1024K)]
  0x0000018e9a7ef520 JavaThread "Bundle File Closer"         daemon [_thread_blocked, id=28220, stack(0x0000003cb2600000,0x0000003cb2700000) (1024K)]
  0x0000018e9a7f0240 JavaThread "SCR Component Actor"        daemon [_thread_blocked, id=11868, stack(0x0000003cb2700000,0x0000003cb2800000) (1024K)]
  0x0000018e9a7f08d0 JavaThread "Worker-JM"                         [_thread_blocked, id=7212, stack(0x0000003cb1600000,0x0000003cb1700000) (1024K)]
  0x0000018e9a7ee170 JavaThread "JNA Cleaner"                daemon [_thread_blocked, id=21608, stack(0x0000003cb2800000,0x0000003cb2900000) (1024K)]
  0x0000018e9a7ee800 JavaThread "Java indexing"              daemon [_thread_blocked, id=28652, stack(0x0000003cb2e00000,0x0000003cb2f00000) (1024K)]
  0x0000018e9a7f3d50 JavaThread "Thread-1"                   daemon [_thread_in_native, id=19188, stack(0x0000003cb3400000,0x0000003cb3500000) (1024K)]
  0x0000018e9a7f29a0 JavaThread "Thread-2"                   daemon [_thread_in_native, id=12256, stack(0x0000003cb3500000,0x0000003cb3600000) (1024K)]
  0x0000018e9a7f36c0 JavaThread "Thread-3"                   daemon [_thread_in_native, id=29328, stack(0x0000003cb3600000,0x0000003cb3700000) (1024K)]
  0x0000018e9a7f43e0 JavaThread "Thread-4"                   daemon [_thread_in_native, id=23896, stack(0x0000003cb3700000,0x0000003cb3800000) (1024K)]
  0x0000018e9a7f15f0 JavaThread "Thread-5"                   daemon [_thread_in_native, id=29760, stack(0x0000003cb3800000,0x0000003cb3900000) (1024K)]
  0x0000018e9a7f2310 JavaThread "Thread-6"                   daemon [_thread_in_native, id=30148, stack(0x0000003cb3900000,0x0000003cb3a00000) (1024K)]
  0x0000018ea2b27650 JavaThread "Thread-7"                   daemon [_thread_in_native, id=11056, stack(0x0000003cb3a00000,0x0000003cb3b00000) (1024K)]
  0x0000018ea2b262a0 JavaThread "Thread-8"                   daemon [_thread_in_native, id=25192, stack(0x0000003cb3b00000,0x0000003cb3c00000) (1024K)]
  0x0000018ea2b25580 JavaThread "Thread-9"                   daemon [_thread_in_native, id=29280, stack(0x0000003cb3c00000,0x0000003cb3d00000) (1024K)]
  0x0000018ea2b26930 JavaThread "Thread-10"                  daemon [_thread_in_native, id=20804, stack(0x0000003cb3d00000,0x0000003cb3e00000) (1024K)]
  0x0000018ea2b25c10 JavaThread "Thread-11"                  daemon [_thread_in_native, id=19212, stack(0x0000003cb3e00000,0x0000003cb3f00000) (1024K)]
  0x0000018ea2b241d0 JavaThread "Thread-12"                  daemon [_thread_in_native, id=31508, stack(0x0000003cb3f00000,0x0000003cb4000000) (1024K)]
  0x0000018ea2b26fc0 JavaThread "Thread-13"                  daemon [_thread_in_native, id=16160, stack(0x0000003cb4000000,0x0000003cb4100000) (1024K)]
  0x0000018ea2b27ce0 JavaThread "pool-2-thread-1"                   [_thread_blocked, id=17376, stack(0x0000003cb4100000,0x0000003cb4200000) (1024K)]
  0x0000018ea2b24ef0 JavaThread "Timer-0"                           [_thread_blocked, id=8340, stack(0x0000003cb4200000,0x0000003cb4300000) (1024K)]
  0x0000018ea2b24860 JavaThread "Timer-1"                           [_thread_blocked, id=24508, stack(0x0000003cb4300000,0x0000003cb4400000) (1024K)]
  0x0000018ea2b28370 JavaThread "WorkspaceEventsHandler"            [_thread_blocked, id=35176, stack(0x0000003cb4400000,0x0000003cb4500000) (1024K)]
  0x0000018ea2b28a00 JavaThread "pool-1-thread-1"                   [_thread_blocked, id=11100, stack(0x0000003cb4500000,0x0000003cb4600000) (1024K)]
  0x0000018ea4c0f7e0 JavaThread "Timer-2"                           [_thread_blocked, id=36664, stack(0x0000003cb2b00000,0x0000003cb2c00000) (1024K)]
  0x0000018ea4c11220 JavaThread "Timer-3"                           [_thread_blocked, id=7900, stack(0x0000003cb4600000,0x0000003cb4700000) (1024K)]
  0x0000018ea4c0f150 JavaThread "Timer-4"                           [_thread_blocked, id=36276, stack(0x0000003cb5500000,0x0000003cb5600000) (1024K)]
  0x0000018ea4c10500 JavaThread "Timer-5"                           [_thread_blocked, id=30972, stack(0x0000003cb5600000,0x0000003cb5700000) (1024K)]
  0x0000018ea4c10b90 JavaThread "Timer-6"                           [_thread_blocked, id=7240, stack(0x0000003cb5700000,0x0000003cb5800000) (1024K)]
  0x0000018ea2b29090 JavaThread "Timer-7"                           [_thread_blocked, id=20280, stack(0x0000003cb5900000,0x0000003cb5a00000) (1024K)]
  0x0000018ea4c118b0 JavaThread "Timer-8"                           [_thread_blocked, id=14040, stack(0x0000003cb5c00000,0x0000003cb5d00000) (1024K)]
  0x0000018ea4b30920 JavaThread "Timer-9"                           [_thread_blocked, id=31156, stack(0x0000003cb5b00000,0x0000003cb5c00000) (1024K)]
  0x0000018ea4b30fb0 JavaThread "Timer-10"                          [_thread_blocked, id=30680, stack(0x0000003cb5e00000,0x0000003cb5f00000) (1024K)]
  0x0000018ea4b30290 JavaThread "Worker-7"                          [_thread_blocked, id=32012, stack(0x0000003cb0900000,0x0000003cb0a00000) (1024K)]
  0x0000018eb465b0e0 JavaThread "Cleaner-0"                  daemon [_thread_blocked, id=35020, stack(0x0000003cb7600000,0x0000003cb7700000) (1024K)]
  0x0000018eb4657c60 JavaThread "Worker-11"                         [_thread_blocked, id=16112, stack(0x0000003cb2900000,0x0000003cb2a00000) (1024K)]
Total: 50

Other Threads:
  0x0000018e40764200 VMThread "VM Thread"                           [id=28592, stack(0x0000003cb0d00000,0x0000003cb0e00000) (1024K)]
  0x0000018e4065ca00 WatcherThread "VM Periodic Task Thread"        [id=29628, stack(0x0000003cb0c00000,0x0000003cb0d00000) (1024K)]
  0x0000018e407f17b0 WorkerThread "GC Thread#0"                     [id=14172, stack(0x0000003cb0b00000,0x0000003cb0c00000) (1024K)]
  0x0000018e9f0633f0 WorkerThread "GC Thread#1"                     [id=1832, stack(0x0000003cb1900000,0x0000003cb1a00000) (1024K)]
  0x0000018e9f063790 WorkerThread "GC Thread#2"                     [id=11712, stack(0x0000003cb1a00000,0x0000003cb1b00000) (1024K)]
  0x0000018e9f063b30 WorkerThread "GC Thread#3"                     [id=4996, stack(0x0000003cb1b00000,0x0000003cb1c00000) (1024K)]
  0x0000018e9f22b170 WorkerThread "GC Thread#4"                     [id=1256, stack(0x0000003cb1c00000,0x0000003cb1d00000) (1024K)]
  0x0000018e9f22b510 WorkerThread "GC Thread#5"                     [id=9156, stack(0x0000003cb1d00000,0x0000003cb1e00000) (1024K)]
  0x0000018e9f22b8b0 WorkerThread "GC Thread#6"                     [id=25328, stack(0x0000003cb1e00000,0x0000003cb1f00000) (1024K)]
  0x0000018e9aa95e00 WorkerThread "GC Thread#7"                     [id=34588, stack(0x0000003cb2100000,0x0000003cb2200000) (1024K)]
  0x0000018e9f686630 WorkerThread "GC Thread#8"                     [id=20616, stack(0x0000003cb2400000,0x0000003cb2500000) (1024K)]
  0x0000018e9f3f3790 WorkerThread "GC Thread#9"                     [id=24328, stack(0x0000003cb2500000,0x0000003cb2600000) (1024K)]
Total: 12

Threads with active compile tasks:
Total: 0

VM state: not at safepoint (normal execution)

VM Mutex/Monitor currently owned by a thread: None

Heap address: 0x0000000080000000, size: 2048 MB, Compressed Oops mode: 32-bit

CDS archive(s) mapped at: [0x0000018e58000000-0x0000018e58ba0000-0x0000018e58ba0000), size 12189696, SharedBaseAddress: 0x0000018e58000000, ArchiveRelocationMode: 1.
Compressed class space mapped at: 0x0000018e59000000-0x0000018e99000000, reserved size: 1073741824
Narrow klass base: 0x0000018e58000000, Narrow klass shift: 0, Narrow klass range: 0x100000000

GC Precious Log:
 CardTable entry size: 512
 CPUs: 12 total, 12 available
 Memory: 7532M
 Large Page Support: Disabled
 NUMA Support: Disabled
 Compressed Oops: Enabled (32-bit)
 Alignments: Space 512K, Generation 512K, Heap 2M
 Heap Min Capacity: 100M
 Heap Initial Capacity: 100M
 Heap Max Capacity: 2G
 Pre-touch: Disabled
 Parallel Workers: 10

Heap:
 PSYoungGen      total 18944K, used 12528K [0x00000000d5580000, 0x00000000d7600000, 0x0000000100000000)
  eden space 10752K, 42% used [0x00000000d5580000,0x00000000d59f28f0,0x00000000d6000000)
  from space 8192K, 97% used [0x00000000d6e00000,0x00000000d75c9aa0,0x00000000d7600000)
  to   space 9728K, 0% used [0x00000000d6300000,0x00000000d6300000,0x00000000d6c80000)
 ParOldGen       total 557056K, used 556987K [0x0000000080000000, 0x00000000a2000000, 0x00000000d5580000)
  object space 557056K, 99% used [0x0000000080000000,0x00000000a1feec38,0x00000000a2000000)
 Metaspace       used 93036K, committed 94912K, reserved 1179648K
  class space    used 10689K, committed 11584K, reserved 1048576K

Card table byte_map: [0x0000018e40170000,0x0000018e40580000] _byte_map_base: 0x0000018e3fd70000

Marking Bits: (ParMarkBitMap*) 0x00007ffe52d62460
 Begin Bits: [0x0000018e52c80000, 0x0000018e54c80000)
 End Bits:   [0x0000018e54c80000, 0x0000018e56c80000)

Polling page: 0x0000018e3e610000

Metaspace:

Usage:
  Non-class:     80.42 MB used.
      Class:     10.44 MB used.
       Both:     90.86 MB used.

Virtual space:
  Non-class space:      128.00 MB reserved,      81.38 MB ( 64%) committed,  2 nodes.
      Class space:        1.00 GB reserved,      11.31 MB (  1%) committed,  1 nodes.
             Both:        1.12 GB reserved,      92.69 MB (  8%) committed. 

Chunk freelists:
   Non-Class:  13.84 MB
       Class:  4.67 MB
        Both:  18.51 MB

MaxMetaspaceSize: unlimited
CompressedClassSpaceSize: 1.00 GB
Initial GC threshold: 21.00 MB
Current GC threshold: 145.25 MB
CDS: on
 - commit_granule_bytes: 65536.
 - commit_granule_words: 8192.
 - virtual_space_node_default_size: 8388608.
 - enlarge_chunks_in_place: 1.
 - use_allocation_guard: 0.


Internal statistics:

num_allocs_failed_limit: 9.
num_arena_births: 1866.
num_arena_deaths: 46.
num_vsnodes_births: 3.
num_vsnodes_deaths: 0.
num_space_committed: 1483.
num_space_uncommitted: 0.
num_chunks_returned_to_freelist: 69.
num_chunks_taken_from_freelist: 6486.
num_chunk_merges: 21.
num_chunk_splits: 3930.
num_chunks_enlarged: 2147.
num_inconsistent_stats: 0.

CodeHeap 'non-profiled nmethods': size=120000Kb used=14845Kb max_used=14845Kb free=105155Kb
 bounds [0x0000018e4b4a0000, 0x0000018e4c320000, 0x0000018e529d0000]
CodeHeap 'profiled nmethods': size=120000Kb used=38646Kb max_used=38646Kb free=81353Kb
 bounds [0x0000018e439d0000, 0x0000018e45f90000, 0x0000018e4af00000]
CodeHeap 'non-nmethods': size=5760Kb used=1489Kb max_used=1579Kb free=4270Kb
 bounds [0x0000018e4af00000, 0x0000018e4b170000, 0x0000018e4b4a0000]
CodeCache: size=245760Kb, used=54980Kb, max_used=55070Kb, free=190778Kb
 total_blobs=17599, nmethods=16787, adapters=716, full_count=0
Compilation: enabled, stopped_count=0, restarted_count=0

Compilation events (20 events):
Event: 1362.227 Thread 0x0000018e9959afd0 18151       3       java.io.ObjectOutputStream::writeTypeString (40 bytes)
Event: 1362.229 Thread 0x0000018e9959afd0 nmethod 18151 0x0000018e45f85590 code [0x0000018e45f857a0, 0x0000018e45f85ba0]
Event: 1362.288 Thread 0x0000018e408816c0 18152       4       org.eclipse.core.internal.resources.Resource::isMember (65 bytes)
Event: 1362.289 Thread 0x0000018e408816c0 nmethod 18152 0x0000018e4c31d710 code [0x0000018e4c31d8a0, 0x0000018e4c31d9e0]
Event: 1362.305 Thread 0x0000018e9959afd0 18153       3       org.eclipse.core.runtime.SubMonitor::consume (134 bytes)
Event: 1362.308 Thread 0x0000018e9959afd0 nmethod 18153 0x0000018e45f85d90 code [0x0000018e45f85f60, 0x0000018e45f863b8]
Event: 1399.221 Thread 0x0000018e9959afd0 18154 % !   3       java.util.TimerThread::mainLoop @ 0 (232 bytes)
Event: 1399.231 Thread 0x0000018e9959afd0 nmethod 18154% 0x0000018e45f86490 code [0x0000018e45f86760, 0x0000018e45f87610]
Event: 1422.594 Thread 0x0000018e9959afd0 18155   !   3       java.util.TimerThread::mainLoop (232 bytes)
Event: 1422.595 Thread 0x0000018e9959afd0 nmethod 18155 0x0000018e45f87e90 code [0x0000018e45f88140, 0x0000018e45f88f08]
Event: 1430.095 Thread 0x0000018e408816c0 18156   !   4       java.util.concurrent.locks.AbstractQueuedSynchronizer::acquire (424 bytes)
Event: 1430.201 Thread 0x0000018e408816c0 nmethod 18156 0x0000018e4c31db10 code [0x0000018e4c31dd60, 0x0000018e4c31e950]
Event: 1440.098 Thread 0x0000018e9959afd0 18157       3       java.util.concurrent.ScheduledThreadPoolExecutor$DelayedWorkQueue::finishPoll (43 bytes)
Event: 1440.103 Thread 0x0000018e9959afd0 nmethod 18157 0x0000018e45f89790 code [0x0000018e45f89960, 0x0000018e45f89ee8]
Event: 1450.099 Thread 0x0000018e9959afd0 18158       3       java.util.concurrent.ThreadPoolExecutor::ensurePrestart (41 bytes)
Event: 1450.113 Thread 0x0000018e9959afd0 nmethod 18158 0x0000018e45f8a090 code [0x0000018e45f8a260, 0x0000018e45f8a510]
Event: 1480.106 Thread 0x0000018e9959afd0 18159   !   3       java.util.concurrent.FutureTask::runAndReset (125 bytes)
Event: 1480.434 Thread 0x0000018e9959afd0 nmethod 18159 0x0000018e45f8a610 code [0x0000018e45f8aa80, 0x0000018e45f8cea0]
Event: 1691.151 Thread 0x0000018e9959afd0 18162       1       com.sun.jna.internal.Cleaner::access$100 (5 bytes)
Event: 1691.169 Thread 0x0000018e9959afd0 nmethod 18162 0x0000018e4c31f110 code [0x0000018e4c31f2a0, 0x0000018e4c31f350]

GC Heap History (20 events):
Event: 778.622 GC heap before
{Heap before GC invocations=915 (full 4):
 PSYoungGen      total 11264K, used 11264K [0x00000000d5580000, 0x00000000d6300000, 0x0000000100000000)
  eden space 10752K, 100% used [0x00000000d5580000,0x00000000d6000000,0x00000000d6000000)
  from space 512K, 100% used [0x00000000d6180000,0x00000000d6200000,0x00000000d6200000)
  to   space 1536K, 0% used [0x00000000d6000000,0x00000000d6000000,0x00000000d6180000)
 ParOldGen       total 535552K, used 535049K [0x0000000080000000, 0x00000000a0b00000, 0x00000000d5580000)
  object space 535552K, 99% used [0x0000000080000000,0x00000000a0a82460,0x00000000a0b00000)
 Metaspace       used 89903K, committed 91712K, reserved 1179648K
  class space    used 10422K, committed 11264K, reserved 1048576K
}
Event: 778.627 GC heap after
{Heap after GC invocations=915 (full 4):
 PSYoungGen      total 12288K, used 1520K [0x00000000d5580000, 0x00000000d6500000, 0x0000000100000000)
  eden space 10752K, 0% used [0x00000000d5580000,0x00000000d5580000,0x00000000d6000000)
  from space 1536K, 98% used [0x00000000d6000000,0x00000000d617c010,0x00000000d6180000)
  to   space 2560K, 0% used [0x00000000d6280000,0x00000000d6280000,0x00000000d6500000)
 ParOldGen       total 536064K, used 535594K [0x0000000080000000, 0x00000000a0b80000, 0x00000000d5580000)
  object space 536064K, 99% used [0x0000000080000000,0x00000000a0b0abd0,0x00000000a0b80000)
 Metaspace       used 89903K, committed 91712K, reserved 1179648K
  class space    used 10422K, committed 11264K, reserved 1048576K
}
Event: 778.717 GC heap before
{Heap before GC invocations=916 (full 4):
 PSYoungGen      total 12288K, used 12272K [0x00000000d5580000, 0x00000000d6500000, 0x0000000100000000)
  eden space 10752K, 100% used [0x00000000d5580000,0x00000000d6000000,0x00000000d6000000)
  from space 1536K, 98% used [0x00000000d6000000,0x00000000d617c010,0x00000000d6180000)
  to   space 2560K, 0% used [0x00000000d6280000,0x00000000d6280000,0x00000000d6500000)
 ParOldGen       total 536064K, used 535594K [0x0000000080000000, 0x00000000a0b80000, 0x00000000d5580000)
  object space 536064K, 99% used [0x0000000080000000,0x00000000a0b0abd0,0x00000000a0b80000)
 Metaspace       used 90009K, committed 91840K, reserved 1179648K
  class space    used 10426K, committed 11264K, reserved 1048576K
}
Event: 778.723 GC heap after
{Heap after GC invocations=916 (full 4):
 PSYoungGen      total 12800K, used 1606K [0x00000000d5580000, 0x00000000d6480000, 0x0000000100000000)
  eden space 10752K, 0% used [0x00000000d5580000,0x00000000d5580000,0x00000000d6000000)
  from space 2048K, 78% used [0x00000000d6280000,0x00000000d64119d0,0x00000000d6480000)
  to   space 2048K, 0% used [0x00000000d6080000,0x00000000d6080000,0x00000000d6280000)
 ParOldGen       total 537088K, used 536903K [0x0000000080000000, 0x00000000a0c80000, 0x00000000d5580000)
  object space 537088K, 99% used [0x0000000080000000,0x00000000a0c51fe8,0x00000000a0c80000)
 Metaspace       used 90009K, committed 91840K, reserved 1179648K
  class space    used 10426K, committed 11264K, reserved 1048576K
}
Event: 778.876 GC heap before
{Heap before GC invocations=917 (full 4):
 PSYoungGen      total 12800K, used 12358K [0x00000000d5580000, 0x00000000d6480000, 0x0000000100000000)
  eden space 10752K, 100% used [0x00000000d5580000,0x00000000d6000000,0x00000000d6000000)
  from space 2048K, 78% used [0x00000000d6280000,0x00000000d64119d0,0x00000000d6480000)
  to   space 2048K, 0% used [0x00000000d6080000,0x00000000d6080000,0x00000000d6280000)
 ParOldGen       total 537088K, used 536903K [0x0000000080000000, 0x00000000a0c80000, 0x00000000d5580000)
  object space 537088K, 99% used [0x0000000080000000,0x00000000a0c51fe8,0x00000000a0c80000)
 Metaspace       used 90120K, committed 91904K, reserved 1179648K
  class space    used 10434K, committed 11264K, reserved 1048576K
}
Event: 778.886 GC heap after
{Heap after GC invocations=917 (full 4):
 PSYoungGen      total 12288K, used 1488K [0x00000000d5580000, 0x00000000d6400000, 0x0000000100000000)
  eden space 10752K, 0% used [0x00000000d5580000,0x00000000d5580000,0x00000000d6000000)
  from space 1536K, 96% used [0x00000000d6080000,0x00000000d61f4010,0x00000000d6200000)
  to   space 2048K, 0% used [0x00000000d6200000,0x00000000d6200000,0x00000000d6400000)
 ParOldGen       total 538624K, used 538258K [0x0000000080000000, 0x00000000a0e00000, 0x00000000d5580000)
  object space 538624K, 99% used [0x0000000080000000,0x00000000a0da4988,0x00000000a0e00000)
 Metaspace       used 90120K, committed 91904K, reserved 1179648K
  class space    used 10434K, committed 11264K, reserved 1048576K
}
Event: 779.136 GC heap before
{Heap before GC invocations=918 (full 4):
 PSYoungGen      total 12288K, used 12240K [0x00000000d5580000, 0x00000000d6400000, 0x0000000100000000)
  eden space 10752K, 100% used [0x00000000d5580000,0x00000000d6000000,0x00000000d6000000)
  from space 1536K, 96% used [0x00000000d6080000,0x00000000d61f4010,0x00000000d6200000)
  to   space 2048K, 0% used [0x00000000d6200000,0x00000000d6200000,0x00000000d6400000)
 ParOldGen       total 538624K, used 538258K [0x0000000080000000, 0x00000000a0e00000, 0x00000000d5580000)
  object space 538624K, 99% used [0x0000000080000000,0x00000000a0da4988,0x00000000a0e00000)
 Metaspace       used 90765K, committed 92544K, reserved 1179648K
  class space    used 10496K, committed 11328K, reserved 1048576K
}
Event: 779.141 GC heap after
{Heap after GC invocations=918 (full 4):
 PSYoungGen      total 12288K, used 1510K [0x00000000d5580000, 0x00000000d6380000, 0x0000000100000000)
  eden space 10752K, 0% used [0x00000000d5580000,0x00000000d5580000,0x00000000d6000000)
  from space 1536K, 98% used [0x00000000d6200000,0x00000000d6379af0,0x00000000d6380000)
  to   space 1536K, 0% used [0x00000000d6080000,0x00000000d6080000,0x00000000d6200000)
 ParOldGen       total 539648K, used 539599K [0x0000000080000000, 0x00000000a0f00000, 0x00000000d5580000)
  object space 539648K, 99% used [0x0000000080000000,0x00000000a0ef3c70,0x00000000a0f00000)
 Metaspace       used 90765K, committed 92544K, reserved 1179648K
  class space    used 10496K, committed 11328K, reserved 1048576K
}
Event: 779.278 GC heap before
{Heap before GC invocations=919 (full 4):
 PSYoungGen      total 12288K, used 12104K [0x00000000d5580000, 0x00000000d6380000, 0x0000000100000000)
  eden space 10752K, 98% used [0x00000000d5580000,0x00000000d5fd8760,0x00000000d6000000)
  from space 1536K, 98% used [0x00000000d6200000,0x00000000d6379af0,0x00000000d6380000)
  to   space 1536K, 0% used [0x00000000d6080000,0x00000000d6080000,0x00000000d6200000)
 ParOldGen       total 539648K, used 539599K [0x0000000080000000, 0x00000000a0f00000, 0x00000000d5580000)
  object space 539648K, 99% used [0x0000000080000000,0x00000000a0ef3c70,0x00000000a0f00000)
 Metaspace       used 91467K, committed 93312K, reserved 1179648K
  class space    used 10558K, committed 11392K, reserved 1048576K
}
Event: 779.286 GC heap after
{Heap after GC invocations=919 (full 4):
 PSYoungGen      total 11776K, used 916K [0x00000000d5580000, 0x00000000d6300000, 0x0000000100000000)
  eden space 10752K, 0% used [0x00000000d5580000,0x00000000d5580000,0x00000000d6000000)
  from space 1024K, 89% used [0x00000000d6080000,0x00000000d61652e8,0x00000000d6180000)
  to   space 1536K, 0% used [0x00000000d6180000,0x00000000d6180000,0x00000000d6300000)
 ParOldGen       total 544256K, used 543913K [0x0000000080000000, 0x00000000a1380000, 0x00000000d5580000)
  object space 544256K, 99% used [0x0000000080000000,0x00000000a132a640,0x00000000a1380000)
 Metaspace       used 91467K, committed 93312K, reserved 1179648K
  class space    used 10558K, committed 11392K, reserved 1048576K
}
Event: 779.391 GC heap before
{Heap before GC invocations=920 (full 4):
 PSYoungGen      total 11776K, used 11663K [0x00000000d5580000, 0x00000000d6300000, 0x0000000100000000)
  eden space 10752K, 99% used [0x00000000d5580000,0x00000000d5ffe9b8,0x00000000d6000000)
  from space 1024K, 89% used [0x00000000d6080000,0x00000000d61652e8,0x00000000d6180000)
  to   space 1536K, 0% used [0x00000000d6180000,0x00000000d6180000,0x00000000d6300000)
 ParOldGen       total 544256K, used 543913K [0x0000000080000000, 0x00000000a1380000, 0x00000000d5580000)
  object space 544256K, 99% used [0x0000000080000000,0x00000000a132a640,0x00000000a1380000)
 Metaspace       used 91804K, committed 93632K, reserved 1179648K
  class space    used 10585K, committed 11456K, reserved 1048576K
}
Event: 779.395 GC heap after
{Heap after GC invocations=920 (full 4):
 PSYoungGen      total 12288K, used 1146K [0x00000000d5580000, 0x00000000d6300000, 0x0000000100000000)
  eden space 10752K, 0% used [0x00000000d5580000,0x00000000d5580000,0x00000000d6000000)
  from space 1536K, 74% used [0x00000000d6180000,0x00000000d629e9c8,0x00000000d6300000)
  to   space 1536K, 0% used [0x00000000d6000000,0x00000000d6000000,0x00000000d6180000)
 ParOldGen       total 544768K, used 544462K [0x0000000080000000, 0x00000000a1400000, 0x00000000d5580000)
  object space 544768K, 99% used [0x0000000080000000,0x00000000a13b38f0,0x00000000a1400000)
 Metaspace       used 91804K, committed 93632K, reserved 1179648K
  class space    used 10585K, committed 11456K, reserved 1048576K
}
Event: 779.729 GC heap before
{Heap before GC invocations=921 (full 4):
 PSYoungGen      total 12288K, used 11898K [0x00000000d5580000, 0x00000000d6300000, 0x0000000100000000)
  eden space 10752K, 100% used [0x00000000d5580000,0x00000000d6000000,0x00000000d6000000)
  from space 1536K, 74% used [0x00000000d6180000,0x00000000d629e9c8,0x00000000d6300000)
  to   space 1536K, 0% used [0x00000000d6000000,0x00000000d6000000,0x00000000d6180000)
 ParOldGen       total 544768K, used 544462K [0x0000000080000000, 0x00000000a1400000, 0x00000000d5580000)
  object space 544768K, 99% used [0x0000000080000000,0x00000000a13b38f0,0x00000000a1400000)
 Metaspace       used 92636K, committed 94592K, reserved 1179648K
  class space    used 10662K, committed 11584K, reserved 1048576K
}
Event: 779.733 GC heap after
{Heap after GC invocations=921 (full 4):
 PSYoungGen      total 12288K, used 1506K [0x00000000d5580000, 0x00000000d6700000, 0x0000000100000000)
  eden space 10752K, 0% used [0x00000000d5580000,0x00000000d5580000,0x00000000d6000000)
  from space 1536K, 98% used [0x00000000d6000000,0x00000000d6178878,0x00000000d6180000)
  to   space 3584K, 0% used [0x00000000d6380000,0x00000000d6380000,0x00000000d6700000)
 ParOldGen       total 545792K, used 545758K [0x0000000080000000, 0x00000000a1500000, 0x00000000d5580000)
  object space 545792K, 99% used [0x0000000080000000,0x00000000a14f7b88,0x00000000a1500000)
 Metaspace       used 92636K, committed 94592K, reserved 1179648K
  class space    used 10662K, committed 11584K, reserved 1048576K
}
Event: 1062.031 GC heap before
{Heap before GC invocations=922 (full 4):
 PSYoungGen      total 12288K, used 12172K [0x00000000d5580000, 0x00000000d6700000, 0x0000000100000000)
  eden space 10752K, 99% used [0x00000000d5580000,0x00000000d5feaaf0,0x00000000d6000000)
  from space 1536K, 98% used [0x00000000d6000000,0x00000000d6178878,0x00000000d6180000)
  to   space 3584K, 0% used [0x00000000d6380000,0x00000000d6380000,0x00000000d6700000)
 ParOldGen       total 545792K, used 545758K [0x0000000080000000, 0x00000000a1500000, 0x00000000d5580000)
  object space 545792K, 99% used [0x0000000080000000,0x00000000a14f7b88,0x00000000a1500000)
 Metaspace       used 92933K, committed 94848K, reserved 1179648K
  class space    used 10679K, committed 11584K, reserved 1048576K
}
Event: 1062.506 GC heap after
{Heap after GC invocations=922 (full 4):
 PSYoungGen      total 13312K, used 2471K [0x00000000d5580000, 0x00000000d6600000, 0x0000000100000000)
  eden space 10752K, 0% used [0x00000000d5580000,0x00000000d5580000,0x00000000d6000000)
  from space 2560K, 96% used [0x00000000d6380000,0x00000000d65e9d80,0x00000000d6600000)
  to   space 3072K, 0% used [0x00000000d6000000,0x00000000d6000000,0x00000000d6300000)
 ParOldGen       total 546816K, used 546691K [0x0000000080000000, 0x00000000a1600000, 0x00000000d5580000)
  object space 546816K, 99% used [0x0000000080000000,0x00000000a15e0ef8,0x00000000a1600000)
 Metaspace       used 92933K, committed 94848K, reserved 1179648K
  class space    used 10679K, committed 11584K, reserved 1048576K
}
Event: 1062.688 GC heap before
{Heap before GC invocations=923 (full 4):
 PSYoungGen      total 13312K, used 13223K [0x00000000d5580000, 0x00000000d6600000, 0x0000000100000000)
  eden space 10752K, 100% used [0x00000000d5580000,0x00000000d6000000,0x00000000d6000000)
  from space 2560K, 96% used [0x00000000d6380000,0x00000000d65e9d80,0x00000000d6600000)
  to   space 3072K, 0% used [0x00000000d6000000,0x00000000d6000000,0x00000000d6300000)
 ParOldGen       total 546816K, used 546691K [0x0000000080000000, 0x00000000a1600000, 0x00000000d5580000)
  object space 546816K, 99% used [0x0000000080000000,0x00000000a15e0ef8,0x00000000a1600000)
 Metaspace       used 92933K, committed 94848K, reserved 1179648K
  class space    used 10679K, committed 11584K, reserved 1048576K
}
Event: 1062.708 GC heap after
{Heap after GC invocations=923 (full 4):
 PSYoungGen      total 13824K, used 3051K [0x00000000d5580000, 0x00000000d7c00000, 0x0000000100000000)
  eden space 10752K, 0% used [0x00000000d5580000,0x00000000d5580000,0x00000000d6000000)
  from space 3072K, 99% used [0x00000000d6000000,0x00000000d62fae60,0x00000000d6300000)
  to   space 14336K, 0% used [0x00000000d6e00000,0x00000000d6e00000,0x00000000d7c00000)
 ParOldGen       total 556032K, used 555862K [0x0000000080000000, 0x00000000a1f00000, 0x00000000d5580000)
  object space 556032K, 99% used [0x0000000080000000,0x00000000a1ed5bb8,0x00000000a1f00000)
 Metaspace       used 92933K, committed 94848K, reserved 1179648K
  class space    used 10679K, committed 11584K, reserved 1048576K
}
Event: 1062.844 GC heap before
{Heap before GC invocations=924 (full 4):
 PSYoungGen      total 13824K, used 13803K [0x00000000d5580000, 0x00000000d7c00000, 0x0000000100000000)
  eden space 10752K, 100% used [0x00000000d5580000,0x00000000d6000000,0x00000000d6000000)
  from space 3072K, 99% used [0x00000000d6000000,0x00000000d62fae60,0x00000000d6300000)
  to   space 14336K, 0% used [0x00000000d6e00000,0x00000000d6e00000,0x00000000d7c00000)
 ParOldGen       total 556032K, used 555862K [0x0000000080000000, 0x00000000a1f00000, 0x00000000d5580000)
  object space 556032K, 99% used [0x0000000080000000,0x00000000a1ed5bb8,0x00000000a1f00000)
 Metaspace       used 92936K, committed 94848K, reserved 1179648K
  class space    used 10679K, committed 11584K, reserved 1048576K
}
Event: 1062.858 GC heap after
{Heap after GC invocations=924 (full 4):
 PSYoungGen      total 18944K, used 7974K [0x00000000d5580000, 0x00000000d7600000, 0x0000000100000000)
  eden space 10752K, 0% used [0x00000000d5580000,0x00000000d5580000,0x00000000d6000000)
  from space 8192K, 97% used [0x00000000d6e00000,0x00000000d75c9aa0,0x00000000d7600000)
  to   space 9728K, 0% used [0x00000000d6300000,0x00000000d6300000,0x00000000d6c80000)
 ParOldGen       total 557056K, used 556987K [0x0000000080000000, 0x00000000a2000000, 0x00000000d5580000)
  object space 557056K, 99% used [0x0000000080000000,0x00000000a1feec38,0x00000000a2000000)
 Metaspace       used 92936K, committed 94848K, reserved 1179648K
  class space    used 10679K, committed 11584K, reserved 1048576K
}

Dll operation events (15 events):
Event: 0.015 Loaded shared library c:\Users\Admin\.vscode\extensions\redhat.java-1.50.0-win32-x64\jre\21.0.9-win32-x86_64\bin\java.dll
Event: 0.119 Loaded shared library c:\Users\Admin\.vscode\extensions\redhat.java-1.50.0-win32-x64\jre\21.0.9-win32-x86_64\bin\zip.dll
Event: 0.153 Loaded shared library C:\Users\Admin\.vscode\extensions\redhat.java-1.50.0-win32-x64\jre\21.0.9-win32-x86_64\bin\instrument.dll
Event: 0.163 Loaded shared library C:\Users\Admin\.vscode\extensions\redhat.java-1.50.0-win32-x64\jre\21.0.9-win32-x86_64\bin\net.dll
Event: 0.167 Loaded shared library C:\Users\Admin\.vscode\extensions\redhat.java-1.50.0-win32-x64\jre\21.0.9-win32-x86_64\bin\nio.dll
Event: 0.171 Loaded shared library C:\Users\Admin\.vscode\extensions\redhat.java-1.50.0-win32-x64\jre\21.0.9-win32-x86_64\bin\zip.dll
Event: 0.196 Loaded shared library C:\Users\Admin\.vscode\extensions\redhat.java-1.50.0-win32-x64\jre\21.0.9-win32-x86_64\bin\jimage.dll
Event: 0.293 Loaded shared library c:\Users\Admin\.vscode\extensions\redhat.java-1.50.0-win32-x64\jre\21.0.9-win32-x86_64\bin\verify.dll
Event: 1.743 Loaded shared library C:\Users\Admin\AppData\Roaming\Code\User\globalStorage\redhat.java\1.50.0\config_win\org.eclipse.equinox.launcher\org.eclipse.equinox.launcher.win32.win32.x86_64_1.2.1400.v20250801-0854\eclipse_11916.dll
Event: 5.480 Loaded shared library C:\Users\Admin\AppData\Local\Temp\jna-63116079\jna11686137810796249418.dll
Event: 10.744 Loaded shared library C:\Users\Admin\.gradle\native\c067742578af261105cb4f569cf0c3c89f3d7b1fecec35dd04571415982c5e48\windows-amd64\native-platform.dll
Event: 14.368 Loaded shared library C:\Users\Admin\.vscode\extensions\redhat.java-1.50.0-win32-x64\jre\21.0.9-win32-x86_64\bin\management.dll
Event: 14.390 Loaded shared library C:\Users\Admin\.vscode\extensions\redhat.java-1.50.0-win32-x64\jre\21.0.9-win32-x86_64\bin\management_ext.dll
Event: 22.035 Loaded shared library C:\Users\Admin\.vscode\extensions\redhat.java-1.50.0-win32-x64\jre\21.0.9-win32-x86_64\bin\extnet.dll
Event: 22.334 Loaded shared library C:\Users\Admin\.vscode\extensions\redhat.java-1.50.0-win32-x64\jre\21.0.9-win32-x86_64\bin\sunmscapi.dll

Deoptimization events (20 events):
Event: 1063.118 Thread 0x0000018eb46582f0 Uncommon trap: trap_request=0xffffffde fr.pc=0x0000018e4c0fe434 relative=0x000000000000a034
Event: 1063.118 Thread 0x0000018eb46582f0 Uncommon trap: reason=class_check action=maybe_recompile pc=0x0000018e4c0fe434 method=org.eclipse.jdt.internal.compiler.lookup.LookupEnvironment.getTypeFromVariantTypeSignature(Lorg/eclipse/jdt/internal/compiler/lookup/SignatureWrapper;[Lorg/eclipse/jdt/i
Event: 1063.118 Thread 0x0000018eb46582f0 DEOPT PACKING pc=0x0000018e4c0fe434 sp=0x0000003cb2afdb30
Event: 1063.118 Thread 0x0000018eb46582f0 DEOPT UNPACKING pc=0x0000018e4af53aa2 sp=0x0000003cb2afda38 mode 2
Event: 1063.118 Thread 0x0000018eb46582f0 Uncommon trap: trap_request=0xffffffde fr.pc=0x0000018e4be54498 relative=0x0000000000002258
Event: 1063.118 Thread 0x0000018eb46582f0 Uncommon trap: reason=class_check action=maybe_recompile pc=0x0000018e4be54498 method=org.eclipse.jdt.internal.compiler.lookup.TypeSystem$HashedParameterizedTypes.get(Lorg/eclipse/jdt/internal/compiler/lookup/ReferenceBinding;[Lorg/eclipse/jdt/internal/co
Event: 1063.118 Thread 0x0000018eb46582f0 DEOPT PACKING pc=0x0000018e4be54498 sp=0x0000003cb2afd9f0
Event: 1063.118 Thread 0x0000018eb46582f0 DEOPT UNPACKING pc=0x0000018e4af53aa2 sp=0x0000003cb2afd9a8 mode 2
Event: 1063.118 Thread 0x0000018eb46582f0 Uncommon trap: trap_request=0xffffffde fr.pc=0x0000018e4c0fbba4 relative=0x00000000000077a4
Event: 1063.118 Thread 0x0000018eb46582f0 Uncommon trap: reason=class_check action=maybe_recompile pc=0x0000018e4c0fbba4 method=org.eclipse.jdt.internal.compiler.lookup.LookupEnvironment.createParameterizedType(Lorg/eclipse/jdt/internal/compiler/lookup/ReferenceBinding;[Lorg/eclipse/jdt/internal/
Event: 1063.118 Thread 0x0000018eb46582f0 DEOPT PACKING pc=0x0000018e4c0fbba4 sp=0x0000003cb2afdb40
Event: 1063.118 Thread 0x0000018eb46582f0 DEOPT UNPACKING pc=0x0000018e4af53aa2 sp=0x0000003cb2afdb30 mode 2
Event: 1063.118 Thread 0x0000018eb46582f0 Uncommon trap: trap_request=0xffffffde fr.pc=0x0000018e4c0fbba4 relative=0x00000000000077a4
Event: 1063.118 Thread 0x0000018eb46582f0 Uncommon trap: reason=class_check action=maybe_recompile pc=0x0000018e4c0fbba4 method=org.eclipse.jdt.internal.compiler.lookup.LookupEnvironment.createParameterizedType(Lorg/eclipse/jdt/internal/compiler/lookup/ReferenceBinding;[Lorg/eclipse/jdt/internal/
Event: 1063.118 Thread 0x0000018eb46582f0 DEOPT PACKING pc=0x0000018e4c0fbba4 sp=0x0000003cb2afdb30
Event: 1063.118 Thread 0x0000018eb46582f0 DEOPT UNPACKING pc=0x0000018e4af53aa2 sp=0x0000003cb2afdb20 mode 2
Event: 1063.143 Thread 0x0000018eb46582f0 Uncommon trap: trap_request=0xffffff45 fr.pc=0x0000018e4c2bfeb8 relative=0x00000000000003f8
Event: 1063.144 Thread 0x0000018eb46582f0 Uncommon trap: reason=unstable_if action=reinterpret pc=0x0000018e4c2bfeb8 method=org.eclipse.jdt.internal.compiler.lookup.LookupEnvironment.usesNullTypeAnnotations()Z @ 7 c2
Event: 1063.144 Thread 0x0000018eb46582f0 DEOPT PACKING pc=0x0000018e4c2bfeb8 sp=0x0000003cb2afeaf0
Event: 1063.144 Thread 0x0000018eb46582f0 DEOPT UNPACKING pc=0x0000018e4af53aa2 sp=0x0000003cb2afea70 mode 2

Classes loaded (20 events):
Event: 749.633 Loading class java/nio/charset/MalformedInputException
Event: 749.634 Loading class java/nio/charset/MalformedInputException done
Event: 749.642 Loading class java/lang/StackStreamFactory$CallerClassFinder
Event: 749.643 Loading class java/lang/StackStreamFactory$CallerClassFinder done
Event: 749.643 Loading class java/lang/StackStreamFactory$CallerClassFinder$ClassBuffer
Event: 749.643 Loading class java/lang/StackStreamFactory$CallerClassFinder$ClassBuffer done
Event: 750.751 Loading class java/io/BufferedReader$1
Event: 750.753 Loading class java/io/BufferedReader$1 done
Event: 752.829 Loading class sun/nio/fs/WindowsFileCopy
Event: 752.833 Loading class sun/nio/fs/WindowsFileCopy done
Event: 756.029 Loading class jdk/internal/module/IllegalAccessLogger
Event: 756.029 Loading class jdk/internal/module/IllegalAccessLogger done
Event: 756.763 Loading class jdk/internal/module/IllegalAccessLogger
Event: 756.763 Loading class jdk/internal/module/IllegalAccessLogger done
Event: 756.838 Loading class java/io/CharArrayWriter
Event: 756.839 Loading class java/io/CharArrayWriter done
Event: 777.358 Loading class javax/xml/transform/TransformerConfigurationException
Event: 777.362 Loading class javax/xml/transform/TransformerConfigurationException done
Event: 779.517 Loading class jdk/internal/ref/CleanerImpl$InnocuousThreadFactory
Event: 779.518 Loading class jdk/internal/ref/CleanerImpl$InnocuousThreadFactory done

Classes unloaded (20 events):
Event: 7.081 Thread 0x0000018e40764200 Unloading class 0x0000018e591a4000 'java/lang/invoke/LambdaForm$MH+0x0000018e591a4000'
Event: 7.081 Thread 0x0000018e40764200 Unloading class 0x0000018e591a3c00 'java/lang/invoke/LambdaForm$BMH+0x0000018e591a3c00'
Event: 7.081 Thread 0x0000018e40764200 Unloading class 0x0000018e591a3800 'java/lang/invoke/LambdaForm$DMH+0x0000018e591a3800'
Event: 7.081 Thread 0x0000018e40764200 Unloading class 0x0000018e591a2400 'java/lang/invoke/LambdaForm$DMH+0x0000018e591a2400'
Event: 751.872 Thread 0x0000018e40764200 Unloading class 0x0000018e59abac00 'java/lang/invoke/LambdaForm$MH+0x0000018e59abac00'
Event: 751.873 Thread 0x0000018e40764200 Unloading class 0x0000018e59aba800 'java/lang/invoke/LambdaForm$MH+0x0000018e59aba800'
Event: 751.873 Thread 0x0000018e40764200 Unloading class 0x0000018e59ab9c00 'java/lang/invoke/LambdaForm$MH+0x0000018e59ab9c00'
Event: 751.873 Thread 0x0000018e40764200 Unloading class 0x0000018e59ab9400 'java/lang/invoke/LambdaForm$MH+0x0000018e59ab9400'
Event: 751.873 Thread 0x0000018e40764200 Unloading class 0x0000018e59ab8c00 'java/lang/invoke/LambdaForm$MH+0x0000018e59ab8c00'
Event: 751.873 Thread 0x0000018e40764200 Unloading class 0x0000018e59ab8400 'java/lang/invoke/LambdaForm$MH+0x0000018e59ab8400'
Event: 751.873 Thread 0x0000018e40764200 Unloading class 0x0000018e59ab3c00 'java/lang/invoke/LambdaForm$MH+0x0000018e59ab3c00'
Event: 751.873 Thread 0x0000018e40764200 Unloading class 0x0000018e59ab3400 'java/lang/invoke/LambdaForm$MH+0x0000018e59ab3400'
Event: 751.873 Thread 0x0000018e40764200 Unloading class 0x0000018e59ab2400 'java/lang/invoke/LambdaForm$MH+0x0000018e59ab2400'
Event: 751.873 Thread 0x0000018e40764200 Unloading class 0x0000018e59ab1c00 'java/lang/invoke/LambdaForm$MH+0x0000018e59ab1c00'
Event: 751.873 Thread 0x0000018e40764200 Unloading class 0x0000018e59ab1800 'java/lang/invoke/LambdaForm$MH+0x0000018e59ab1800'
Event: 751.873 Thread 0x0000018e40764200 Unloading class 0x0000018e59ab1000 'java/lang/invoke/LambdaForm$DMH+0x0000018e59ab1000'
Event: 751.873 Thread 0x0000018e40764200 Unloading class 0x0000018e5991c400 'java/lang/invoke/LambdaForm$DMH+0x0000018e5991c400'
Event: 751.873 Thread 0x0000018e40764200 Unloading class 0x0000018e5991c800 'java/lang/invoke/LambdaForm$DMH+0x0000018e5991c800'
Event: 751.873 Thread 0x0000018e40764200 Unloading class 0x0000018e5991cc00 'java/lang/invoke/LambdaForm$DMH+0x0000018e5991cc00'
Event: 751.873 Thread 0x0000018e40764200 Unloading class 0x0000018e5991d000 'java/lang/invoke/LambdaForm$DMH+0x0000018e5991d000'

Classes redefined (0 events):
No events

Internal exceptions (20 events):
Event: 777.375 Thread 0x0000018eb4656220 Exception <a 'sun/nio/fs/WindowsException'{0x00000000d56db0b8}> (0x00000000d56db0b8) 
thrown [s\src\hotspot\share\prims\jni.cpp, line 520]
Event: 777.375 Thread 0x0000018eb4656220 Exception <a 'sun/nio/fs/WindowsException'{0x00000000d56dbbf8}> (0x00000000d56dbbf8) 
thrown [s\src\hotspot\share\prims\jni.cpp, line 520]
Event: 777.381 Thread 0x0000018eb4656220 Exception <a 'sun/nio/fs/WindowsException'{0x00000000d5745260}> (0x00000000d5745260) 
thrown [s\src\hotspot\share\prims\jni.cpp, line 520]
Event: 777.381 Thread 0x0000018eb4656220 Exception <a 'sun/nio/fs/WindowsException'{0x00000000d5745da0}> (0x00000000d5745da0) 
thrown [s\src\hotspot\share\prims\jni.cpp, line 520]
Event: 777.450 Thread 0x0000018eb4659010 Exception <a 'java/lang/IncompatibleClassChangeError'{0x00000000d58401b8}: Found class java.lang.Object, but interface was expected> (0x00000000d58401b8) 
thrown [s\src\hotspot\share\interpreter\linkResolver.cpp, line 840]
Event: 777.486 Thread 0x0000018eb46596a0 Exception <a 'java/lang/NoSuchMethodError'{0x00000000d55d5ff8}: 'int java.lang.invoke.Invokers$Holder.invokeExact_MT(java.lang.Object, java.lang.Object)'> (0x00000000d55d5ff8) 
thrown [s\src\hotspot\share\interpreter\linkResolver.cpp, line 773]
Event: 777.745 Thread 0x0000018eb4658980 Exception <a 'java/lang/NoSuchMethodError'{0x00000000d5683560}: 'java.lang.Object java.lang.invoke.DirectMethodHandle$Holder.invokeSpecial(java.lang.Object, java.lang.Object, java.lang.Object, java.lang.Object, int, java.lang.Object, java.lang.Object)'> (0x00000000d5683560) 
thrown [s\src\hotspot\share\interpreter\linkResolver.cpp, line 773]
Event: 778.470 Thread 0x0000018eb46596a0 Implicit null exception at 0x0000018e4c23e204 to 0x0000018e4c23e8fc
Event: 778.679 Thread 0x0000018ea45c1900 Implicit null exception at 0x0000018e4c259320 to 0x0000018e4c259540
Event: 779.156 Thread 0x0000018eb46596a0 Exception <a 'java/lang/NoSuchMethodError'{0x00000000d55f92c8}: 'java.lang.Object java.lang.invoke.DirectMethodHandle$Holder.invokeStatic(java.lang.Object, int, int, java.lang.Object)'> (0x00000000d55f92c8) 
thrown [s\src\hotspot\share\interpreter\linkResolver.cpp, line 773]
Event: 779.295 Thread 0x0000018eb46582f0 Implicit null exception at 0x0000018e4c01abda to 0x0000018e4c01ac33
Event: 779.330 Thread 0x0000018eb46582f0 Implicit null exception at 0x0000018e4c00aa04 to 0x0000018e4c00b244
Event: 779.330 Thread 0x0000018eb46582f0 Implicit null exception at 0x0000018e4bfae462 to 0x0000018e4bfaf33c
Event: 779.330 Thread 0x0000018eb46582f0 Implicit null exception at 0x0000018e4bf97b7a to 0x0000018e4bf982d4
Event: 779.837 Thread 0x0000018eb46582f0 Exception <a 'java/lang/ArrayIndexOutOfBoundsException'{0x00000000d5c031f8}> (0x00000000d5c031f8) 
thrown [s\src\hotspot\share\runtime\sharedRuntime.cpp, line 625]
Event: 1023.396 Thread 0x0000018ea4b30290 Exception <a 'sun/nio/fs/WindowsException'{0x00000000d5ca0d88}> (0x00000000d5ca0d88) 
thrown [s\src\hotspot\share\prims\jni.cpp, line 520]
Event: 1023.402 Thread 0x0000018ea4b30290 Exception <a 'sun/nio/fs/WindowsException'{0x00000000d5ca1d88}> (0x00000000d5ca1d88) 
thrown [s\src\hotspot\share\prims\jni.cpp, line 520]
Event: 1062.953 Thread 0x0000018e9a7ee800 Exception <a 'sun/nio/fs/WindowsException'{0x00000000d5659238}> (0x00000000d5659238) 
thrown [s\src\hotspot\share\prims\jni.cpp, line 520]
Event: 1362.118 Thread 0x0000018ea4b30290 Exception <a 'sun/nio/fs/WindowsException'{0x00000000d5979940}> (0x00000000d5979940) 
thrown [s\src\hotspot\share\prims\jni.cpp, line 520]
Event: 1362.125 Thread 0x0000018ea4b30290 Exception <a 'sun/nio/fs/WindowsException'{0x00000000d597a390}> (0x00000000d597a390) 
thrown [s\src\hotspot\share\prims\jni.cpp, line 520]

ZGC Phase Switch (0 events):
No events

VM Operations (20 events):
Event: 1062.843 Executing VM operation: ParallelGCFailedAllocation (Allocation Failure)
Event: 1062.858 Executing VM operation: ParallelGCFailedAllocation (Allocation Failure) done
Event: 1064.857 Executing VM operation: Cleanup
Event: 1064.858 Executing VM operation: Cleanup done
Event: 1082.143 Executing VM operation: HandshakeAllThreads (HandshakeForDeflation)
Event: 1082.144 Executing VM operation: HandshakeAllThreads (HandshakeForDeflation) done
Event: 1082.144 Executing VM operation: RendezvousGCThreads
Event: 1082.144 Executing VM operation: RendezvousGCThreads done
Event: 1207.215 Executing VM operation: Cleanup
Event: 1207.220 Executing VM operation: Cleanup done
Event: 1262.613 Executing VM operation: HandshakeAllThreads (HandshakeForDeflation)
Event: 1262.613 Executing VM operation: HandshakeAllThreads (HandshakeForDeflation) done
Event: 1262.613 Executing VM operation: RendezvousGCThreads
Event: 1262.613 Executing VM operation: RendezvousGCThreads done
Event: 1362.670 Executing VM operation: Cleanup
Event: 1362.670 Executing VM operation: Cleanup done
Event: 1382.848 Executing VM operation: HandshakeAllThreads (HandshakeForDeflation)
Event: 1382.850 Executing VM operation: HandshakeAllThreads (HandshakeForDeflation) done
Event: 1382.850 Executing VM operation: RendezvousGCThreads
Event: 1382.850 Executing VM operation: RendezvousGCThreads done

Memory protections (0 events):
No events

Nmethod flushes (20 events):
Event: 752.172 Thread 0x0000018e40764200 flushing  nmethod 0x0000018e445c3a10
Event: 752.172 Thread 0x0000018e40764200 flushing  nmethod 0x0000018e445d5710
Event: 752.172 Thread 0x0000018e40764200 flushing  nmethod 0x0000018e445d5c10
Event: 752.172 Thread 0x0000018e40764200 flushing  nmethod 0x0000018e445d8f10
Event: 752.172 Thread 0x0000018e40764200 flushing  nmethod 0x0000018e445d9e90
Event: 752.172 Thread 0x0000018e40764200 flushing  nmethod 0x0000018e445dbe90
Event: 752.173 Thread 0x0000018e40764200 flushing  nmethod 0x0000018e445f3410
Event: 752.173 Thread 0x0000018e40764200 flushing  nmethod 0x0000018e44612f90
Event: 752.173 Thread 0x0000018e40764200 flushing  nmethod 0x0000018e44616b10
Event: 752.173 Thread 0x0000018e40764200 flushing  nmethod 0x0000018e44619e10
Event: 752.173 Thread 0x0000018e40764200 flushing  nmethod 0x0000018e4461e210
Event: 752.173 Thread 0x0000018e40764200 flushing  nmethod 0x0000018e44625110
Event: 752.173 Thread 0x0000018e40764200 flushing  nmethod 0x0000018e44684090
Event: 752.173 Thread 0x0000018e40764200 flushing  nmethod 0x0000018e44684490
Event: 752.173 Thread 0x0000018e40764200 flushing  nmethod 0x0000018e44684810
Event: 752.173 Thread 0x0000018e40764200 flushing  nmethod 0x0000018e44684c10
Event: 752.173 Thread 0x0000018e40764200 flushing  nmethod 0x0000018e44685010
Event: 752.173 Thread 0x0000018e40764200 flushing  nmethod 0x0000018e4469ca90
Event: 752.173 Thread 0x0000018e40764200 flushing  nmethod 0x0000018e446adb10
Event: 752.173 Thread 0x0000018e40764200 flushing  nmethod 0x0000018e446bb110

Events (20 events):
Event: 1118.686 Thread 0x0000018ea4c0bcd0 Thread exited: 0x0000018ea4c0bcd0
Event: 1123.057 Thread 0x0000018ea45c1900 Thread exited: 0x0000018ea45c1900
Event: 1123.240 Thread 0x0000018eb46582f0 Thread exited: 0x0000018eb46582f0
Event: 1139.900 Thread 0x0000018eb4658980 Thread exited: 0x0000018eb4658980
Event: 1178.021 Thread 0x0000018ea4b34430 Thread exited: 0x0000018ea4b34430
Event: 1199.910 Thread 0x0000018eb4659d30 Thread exited: 0x0000018eb4659d30
Event: 1238.005 Thread 0x0000018ea4b33da0 Thread exited: 0x0000018ea4b33da0
Event: 1259.910 Thread 0x0000018eb4656220 Thread exited: 0x0000018eb4656220
Event: 1298.004 Thread 0x0000018ea4c0a290 Thread exited: 0x0000018ea4c0a290
Event: 1319.909 Thread 0x0000018eb46568b0 Thread exited: 0x0000018eb46568b0
Event: 1358.007 Thread 0x0000018ea4c0eac0 Thread exited: 0x0000018ea4c0eac0
Event: 1362.010 Thread 0x0000018ea4b30290 Thread added: 0x0000018eb46582f0
Event: 1362.026 Thread 0x0000018eb46582f0 Thread exited: 0x0000018eb46582f0
Event: 1362.136 Thread 0x0000018ea4b30290 Thread added: 0x0000018eb4658980
Event: 1362.138 Thread 0x0000018eb4658980 Thread added: 0x0000018eb46582f0
Event: 1362.141 Thread 0x0000018eb4658980 Thread exited: 0x0000018eb4658980
Event: 1362.141 Thread 0x0000018eb46582f0 Thread exited: 0x0000018eb46582f0
Event: 1362.746 Thread 0x0000018eb4659010 Thread exited: 0x0000018eb4659010
Event: 1418.008 Thread 0x0000018ea4b357e0 Thread exited: 0x0000018ea4b357e0
Event: 1478.017 Thread 0x0000018ea4b36b90 Thread exited: 0x0000018ea4b36b90


Dynamic libraries:
0x00007ff7f3830000 - 0x00007ff7f383e000 	c:\Users\Admin\.vscode\extensions\redhat.java-1.50.0-win32-x64\jre\21.0.9-win32-x86_64\bin\java.exe
0x00007ffec6d80000 - 0x00007ffec6fe8000 	C:\WINDOWS\SYSTEM32\ntdll.dll
0x00007ffec5640000 - 0x00007ffec5709000 	C:\WINDOWS\System32\KERNEL32.DLL
0x00007ffec3f00000 - 0x00007ffec42f8000 	C:\WINDOWS\System32\KERNELBASE.dll
0x00007ffec4920000 - 0x00007ffec4a6b000 	C:\WINDOWS\System32\ucrtbase.dll
0x00007ffe86e30000 - 0x00007ffe86e4e000 	c:\Users\Admin\.vscode\extensions\redhat.java-1.50.0-win32-x64\jre\21.0.9-win32-x86_64\bin\VCRUNTIME140.dll
0x00007ffe7a180000 - 0x00007ffe7a198000 	c:\Users\Admin\.vscode\extensions\redhat.java-1.50.0-win32-x64\jre\21.0.9-win32-x86_64\bin\jli.dll
0x00007ffec59c0000 - 0x00007ffec5b87000 	C:\WINDOWS\System32\USER32.dll
0x00007ffec3ed0000 - 0x00007ffec3ef7000 	C:\WINDOWS\System32\win32u.dll
0x00007ffeb0930000 - 0x00007ffeb0bc4000 	C:\WINDOWS\WinSxS\amd64_microsoft.windows.common-controls_6595b64144ccf1df_6.0.26100.7019_none_3e06ffa0e335b8a8\COMCTL32.dll
0x00007ffec5610000 - 0x00007ffec563b000 	C:\WINDOWS\System32\GDI32.dll
0x00007ffec67b0000 - 0x00007ffec6859000 	C:\WINDOWS\System32\msvcrt.dll
0x00007ffec4300000 - 0x00007ffec442c000 	C:\WINDOWS\System32\gdi32full.dll
0x00007ffec4a70000 - 0x00007ffec4b13000 	C:\WINDOWS\System32\msvcp_win.dll
0x00007ffec6d00000 - 0x00007ffec6d31000 	C:\WINDOWS\System32\IMM32.DLL
0x00007ffeb2720000 - 0x00007ffeb272c000 	c:\Users\Admin\.vscode\extensions\redhat.java-1.50.0-win32-x64\jre\21.0.9-win32-x86_64\bin\vcruntime140_1.dll
0x00007ffe79180000 - 0x00007ffe7920d000 	c:\Users\Admin\.vscode\extensions\redhat.java-1.50.0-win32-x64\jre\21.0.9-win32-x86_64\bin\msvcp140.dll
0x00007ffe520a0000 - 0x00007ffe52e40000 	c:\Users\Admin\.vscode\extensions\redhat.java-1.50.0-win32-x64\jre\21.0.9-win32-x86_64\bin\server\jvm.dll
0x00007ffec6870000 - 0x00007ffec6924000 	C:\WINDOWS\System32\ADVAPI32.dll
0x00007ffec5c10000 - 0x00007ffec5cb6000 	C:\WINDOWS\System32\sechost.dll
0x00007ffec5350000 - 0x00007ffec5468000 	C:\WINDOWS\System32\RPCRT4.dll
0x00007ffec6960000 - 0x00007ffec69d4000 	C:\WINDOWS\System32\WS2_32.dll
0x00007ffec3d50000 - 0x00007ffec3dae000 	C:\WINDOWS\SYSTEM32\POWRPROF.dll
0x00007ffebc690000 - 0x00007ffebc6c5000 	C:\WINDOWS\SYSTEM32\WINMM.dll
0x00007ffebc710000 - 0x00007ffebc71b000 	C:\WINDOWS\SYSTEM32\VERSION.dll
0x00007ffec3d30000 - 0x00007ffec3d44000 	C:\WINDOWS\SYSTEM32\UMPDC.dll
0x00007ffec2c50000 - 0x00007ffec2c6b000 	C:\WINDOWS\SYSTEM32\kernel.appcore.dll
0x00007ffeab5a0000 - 0x00007ffeab5aa000 	c:\Users\Admin\.vscode\extensions\redhat.java-1.50.0-win32-x64\jre\21.0.9-win32-x86_64\bin\jimage.dll
0x00007ffeb6390000 - 0x00007ffeb65d2000 	C:\WINDOWS\SYSTEM32\DBGHELP.DLL
0x00007ffec63a0000 - 0x00007ffec672b000 	C:\WINDOWS\System32\combase.dll
0x00007ffec5cc0000 - 0x00007ffec5d97000 	C:\WINDOWS\System32\OLEAUT32.dll
0x00007ffeacaa0000 - 0x00007ffeacadc000 	C:\WINDOWS\SYSTEM32\dbgcore.DLL
0x00007ffec4660000 - 0x00007ffec4705000 	C:\WINDOWS\System32\bcryptPrimitives.dll
0x00007ffeab410000 - 0x00007ffeab41f000 	c:\Users\Admin\.vscode\extensions\redhat.java-1.50.0-win32-x64\jre\21.0.9-win32-x86_64\bin\instrument.dll
0x00007ffe7a160000 - 0x00007ffe7a180000 	c:\Users\Admin\.vscode\extensions\redhat.java-1.50.0-win32-x64\jre\21.0.9-win32-x86_64\bin\java.dll
0x00007ffec4bf0000 - 0x00007ffec533f000 	C:\WINDOWS\System32\SHELL32.dll
0x00007ffec44f0000 - 0x00007ffec465b000 	C:\WINDOWS\System32\wintypes.dll
0x00007ffec1ad0000 - 0x00007ffec232d000 	C:\WINDOWS\SYSTEM32\windows.storage.dll
0x00007ffec69e0000 - 0x00007ffec6ad2000 	C:\WINDOWS\System32\SHCORE.dll
0x00007ffec5b90000 - 0x00007ffec5bf7000 	C:\WINDOWS\System32\shlwapi.dll
0x00007ffec3df0000 - 0x00007ffec3e19000 	C:\WINDOWS\SYSTEM32\profapi.dll
0x00007ffe79160000 - 0x00007ffe79178000 	c:\Users\Admin\.vscode\extensions\redhat.java-1.50.0-win32-x64\jre\21.0.9-win32-x86_64\bin\zip.dll
0x00007ffea90a0000 - 0x00007ffea90b0000 	C:\Users\Admin\.vscode\extensions\redhat.java-1.50.0-win32-x64\jre\21.0.9-win32-x86_64\bin\net.dll
0x00007ffebd1a0000 - 0x00007ffebd2c8000 	C:\WINDOWS\SYSTEM32\WINHTTP.dll
0x00007ffec31a0000 - 0x00007ffec320b000 	C:\WINDOWS\system32\mswsock.dll
0x00007ffe79140000 - 0x00007ffe79156000 	C:\Users\Admin\.vscode\extensions\redhat.java-1.50.0-win32-x64\jre\21.0.9-win32-x86_64\bin\nio.dll
0x00007ffea8f80000 - 0x00007ffea8f90000 	c:\Users\Admin\.vscode\extensions\redhat.java-1.50.0-win32-x64\jre\21.0.9-win32-x86_64\bin\verify.dll
0x00007ffe70a60000 - 0x00007ffe70aa4000 	C:\Users\Admin\AppData\Roaming\Code\User\globalStorage\redhat.java\1.50.0\config_win\org.eclipse.equinox.launcher\org.eclipse.equinox.launcher.win32.win32.x86_64_1.2.1400.v20250801-0854\eclipse_11916.dll
0x00007ffec5470000 - 0x00007ffec5607000 	C:\WINDOWS\System32\ole32.dll
0x00007ffec3590000 - 0x00007ffec35ab000 	C:\WINDOWS\SYSTEM32\CRYPTSP.dll
0x00007ffec2bb0000 - 0x00007ffec2bea000 	C:\WINDOWS\system32\rsaenh.dll
0x00007ffec3250000 - 0x00007ffec327b000 	C:\WINDOWS\SYSTEM32\USERENV.dll
0x00007ffec3dc0000 - 0x00007ffec3dea000 	C:\WINDOWS\SYSTEM32\bcrypt.dll
0x00007ffec33f0000 - 0x00007ffec33fc000 	C:\WINDOWS\SYSTEM32\CRYPTBASE.dll
0x00007ffec2640000 - 0x00007ffec2674000 	C:\WINDOWS\SYSTEM32\IPHLPAPI.DLL
0x00007ffec59b0000 - 0x00007ffec59ba000 	C:\WINDOWS\System32\NSI.dll
0x00007ffe78060000 - 0x00007ffe780a9000 	C:\Users\Admin\AppData\Local\Temp\jna-63116079\jna11686137810796249418.dll
0x00007ffec5c00000 - 0x00007ffec5c08000 	C:\WINDOWS\System32\PSAPI.DLL
0x00007ffebd170000 - 0x00007ffebd18e000 	C:\WINDOWS\SYSTEM32\dhcpcsvc6.DLL
0x00007ffebd140000 - 0x00007ffebd163000 	C:\WINDOWS\SYSTEM32\dhcpcsvc.DLL
0x00007ffe9d330000 - 0x00007ffe9d357000 	C:\Users\Admin\.gradle\native\c067742578af261105cb4f569cf0c3c89f3d7b1fecec35dd04571415982c5e48\windows-amd64\native-platform.dll
0x00007ffea2ca0000 - 0x00007ffea2caa000 	C:\Users\Admin\.vscode\extensions\redhat.java-1.50.0-win32-x64\jre\21.0.9-win32-x86_64\bin\management.dll
0x00007ffea2c10000 - 0x00007ffea2c1c000 	C:\Users\Admin\.vscode\extensions\redhat.java-1.50.0-win32-x64\jre\21.0.9-win32-x86_64\bin\management_ext.dll
0x00007ffea8790000 - 0x00007ffea8799000 	C:\Users\Admin\.vscode\extensions\redhat.java-1.50.0-win32-x64\jre\21.0.9-win32-x86_64\bin\extnet.dll
0x00007ffea2960000 - 0x00007ffea296e000 	C:\Users\Admin\.vscode\extensions\redhat.java-1.50.0-win32-x64\jre\21.0.9-win32-x86_64\bin\sunmscapi.dll
0x00007ffec47a0000 - 0x00007ffec4917000 	C:\WINDOWS\System32\CRYPT32.dll
0x00007ffec3750000 - 0x00007ffec3780000 	C:\WINDOWS\SYSTEM32\ncrypt.dll
0x00007ffec3700000 - 0x00007ffec373f000 	C:\WINDOWS\SYSTEM32\NTASN1.dll
0x00007ffea2770000 - 0x00007ffea2778000 	C:\WINDOWS\system32\wshunix.dll

JVMTI agents:
c:\Users\Admin\.vscode\extensions\redhat.java-1.50.0-win32-x64\lombok\lombok-1.18.39-4050.jar path:c:\Users\Admin\.vscode\extensions\redhat.java-1.50.0-win32-x64\jre\21.0.9-win32-x86_64\bin\instrument.dll, loaded, initialized, instrumentlib options:none

dbghelp: loaded successfully - version: 4.0.5 - missing functions: none
symbol engine: initialized successfully - sym options: 0x614 - pdb path: .;c:\Users\Admin\.vscode\extensions\redhat.java-1.50.0-win32-x64\jre\21.0.9-win32-x86_64\bin;C:\WINDOWS\SYSTEM32;C:\WINDOWS\WinSxS\amd64_microsoft.windows.common-controls_6595b64144ccf1df_6.0.26100.7019_none_3e06ffa0e335b8a8;c:\Users\Admin\.vscode\extensions\redhat.java-1.50.0-win32-x64\jre\21.0.9-win32-x86_64\bin\server;C:\Users\Admin\AppData\Roaming\Code\User\globalStorage\redhat.java\1.50.0\config_win\org.eclipse.equinox.launcher\org.eclipse.equinox.launcher.win32.win32.x86_64_1.2.1400.v20250801-0854;C:\Users\Admin\AppData\Local\Temp\jna-63116079;C:\Users\Admin\.gradle\native\c067742578af261105cb4f569cf0c3c89f3d7b1fecec35dd04571415982c5e48\windows-amd64

VM Arguments:
jvm_args: --add-modules=ALL-SYSTEM --add-opens=java.base/java.util=ALL-UNNAMED --add-opens=java.base/java.lang=ALL-UNNAMED --add-opens=java.base/sun.nio.fs=ALL-UNNAMED -Declipse.application=org.eclipse.jdt.ls.core.id1 -Dosgi.bundles.defaultStartLevel=4 -Declipse.product=org.eclipse.jdt.ls.core.product -Djava.import.generatesMetadataFilesAtProjectRoot=false -DDetectVMInstallationsJob.disabled=true -Dfile.encoding=utf8 -XX:+UseParallelGC -XX:GCTimeRatio=4 -XX:AdaptiveSizePolicyWeight=90 -Dsun.zip.disableMemoryMapping=true -Xmx2G -Xms100m -Xlog:disable -javaagent:c:\Users\Admin\.vscode\extensions\redhat.java-1.50.0-win32-x64\lombok\lombok-1.18.39-4050.jar -XX:+HeapDumpOnOutOfMemoryError -XX:HeapDumpPath=c:\Users\Admin\AppData\Roaming\Code\User\workspaceStorage\e4371cc5e7fe0f1a7fdc039a7f39f840\redhat.java -Daether.dependencyCollector.impl=bf 
java_command: c:\Users\Admin\.vscode\extensions\redhat.java-1.50.0-win32-x64\server\plugins\org.eclipse.equinox.launcher_1.7.100.v20251111-0406.jar -configuration c:\Users\Admin\AppData\Roaming\Code\User\globalStorage\redhat.java\1.50.0\config_win -data c:\Users\Admin\AppData\Roaming\Code\User\workspaceStorage\e4371cc5e7fe0f1a7fdc039a7f39f840\redhat.java\jdt_ws --pipe=\\.\pipe\lsp-90ca60bc6e0eba312e7380297ed04ca3-sock
java_class_path (initial): c:\Users\Admin\.vscode\extensions\redhat.java-1.50.0-win32-x64\server\plugins\org.eclipse.equinox.launcher_1.7.100.v20251111-0406.jar
Launcher Type: SUN_STANDARD

[Global flags]
    uintx AdaptiveSizePolicyWeight                 = 90                                        {product} {command line}
     intx CICompilerCount                          = 4                                         {product} {ergonomic}
    uintx GCTimeRatio                              = 4                                         {product} {command line}
     bool HeapDumpOnOutOfMemoryError               = true                                   {manageable} {command line}
    ccstr HeapDumpPath                             = c:\Users\Admin\AppData\Roaming\Code\User\workspaceStorage\e4371cc5e7fe0f1a7fdc039a7f39f840\redhat.java         {manageable} {command line}
   size_t InitialHeapSize                          = 104857600                                 {product} {command line}
   size_t MaxHeapSize                              = 2147483648                                {product} {command line}
   size_t MaxNewSize                               = 715653120                                 {product} {ergonomic}
   size_t MinHeapDeltaBytes                        = 524288                                    {product} {ergonomic}
   size_t MinHeapSize                              = 104857600                                 {product} {command line}
   size_t NewSize                                  = 34603008                                  {product} {ergonomic}
    uintx NonNMethodCodeHeapSize                   = 5839372                                {pd product} {ergonomic}
    uintx NonProfiledCodeHeapSize                  = 122909434                              {pd product} {ergonomic}
   size_t OldSize                                  = 70254592                                  {product} {ergonomic}
    uintx ProfiledCodeHeapSize                     = 122909434                              {pd product} {ergonomic}
    uintx ReservedCodeCacheSize                    = 251658240                              {pd product} {ergonomic}
     bool SegmentedCodeCache                       = true                                      {product} {ergonomic}
   size_t SoftMaxHeapSize                          = 2147483648                             {manageable} {ergonomic}
     bool UseCompressedOops                        = true                           {product lp64_product} {ergonomic}
     bool UseLargePagesIndividualAllocation        = false                                  {pd product} {ergonomic}
     bool UseParallelGC                            = true                                      {product} {command line}

Logging:
Log output configuration:
 #0: stdout all=off uptime,level,tags foldmultilines=false
 #1: stderr all=off uptime,level,tags foldmultilines=false

Release file:
JAVA_VERSION="21.0.9" 
MODULES="java.base java.compiler java.datatransfer java.xml java.prefs java.desktop java.instrument java.logging java.management java.security.sasl java.naming java.rmi java.management.rmi java.net.http java.scripting java.security.jgss java.transaction.xa java.sql java.sql.rowset java.xml.crypto java.se java.smartcardio jdk.accessibility jdk.internal.jvmstat jdk.attach jdk.charsets jdk.internal.opt jdk.zipfs jdk.compiler jdk.crypto.ec jdk.crypto.cryptoki jdk.crypto.mscapi jdk.dynalink jdk.internal.ed jdk.editpad jdk.hotspot.agent jdk.httpserver jdk.internal.le jdk.internal.vm.ci jdk.internal.vm.compiler jdk.internal.vm.compiler.management jdk.jartool jdk.javadoc jdk.jcmd jdk.management jdk.management.agent jdk.jconsole jdk.jdeps jdk.jdwp.agent jdk.jdi jdk.jfr jdk.jshell jdk.jsobject jdk.jstatd jdk.localedata jdk.management.jfr jdk.naming.dns jdk.naming.rmi jdk.net jdk.nio.mapmode jdk.random jdk.sctp jdk.security.auth jdk.security.jgss jdk.unsupported jdk.unsupported.desktop jdk.xml.dom" 

Environment Variables:
JAVA_HOME=C:\Program Files\Java\jdk-25
PATH=C:\Program Files\Common Files\Oracle\Java\javapath;C:\WINDOWS\system32;C:\WINDOWS;C:\WINDOWS\System32\Wbem;C:\WINDOWS\System32\WindowsPowerShell\v1.0\;C:\WINDOWS\System32\OpenSSH\;C:\Program Files\NVIDIA Corporation\NVIDIA App\NvDLISR;C:\Program Files (x86)\NVIDIA Corporation\PhysX\Common;D:\Git\cmd;C:\Program Files\Microsoft SQL Server\170\Tools\Binn\;C:\Program Files\Microsoft SQL Server\Client SDK\ODBC\170\Tools\Binn\;C:\Program Files (x86)\Microsoft SQL Server\160\Tools\Binn\;C:\Program Files\Microsoft SQL Server\160\Tools\Binn\;C:\Program Files\Microsoft SQL Server\160\DTS\Binn\;C:\Program Files\Microsoft SQL Server\170\DTS\Binn\;C:\Program Files\Docker\Docker\resources\bin;D:\Nodejs\;C:\Program Files\Microsoft SQL Server\150\Tools\Binn\;C:\Program Files (x86)\Windows Kits\10\Windows Performance Toolkit\;C:\Program Files\Cloudflare\Cloudflare WARP\;C:\Program Files\dotnet\;C:\Program Files\Java\jdk-25\bin;C:\Program Files\MySQL\MySQL Shell 8.0\bin\;C:\Users\Admin\AppData\Local\Microsoft\WindowsApps;C:\Users\Admin\AppData\Local\Programs\Microsoft VS Code\bin;C:\Users\Admin\AppData\Local\GitHubDesktop\bin;C:\flutter\bin;D:\android_studio\cmdline-tools\bin;C:\Users\Admin\.dotnet\tools;C:\Users\Admin\AppData\Roaming\npm;D:\apache-maven-3.9.11\bin;C:\Tools\Gradle\gradle-9.2.1\bin;D:\IntelliJ IDEA 2025.2.5\bin
USERNAME=Admin
OS=Windows_NT
PROCESSOR_IDENTIFIER=AMD64 Family 25 Model 80 Stepping 0, AuthenticAMD
TMP=C:\Users\Admin\AppData\Local\Temp
TEMP=C:\Users\Admin\AppData\Local\Temp




Periodic native trim disabled

---------------  S Y S T E M  ---------------

OS:
 Windows 11 , 64 bit Build 26100 (10.0.26100.7019)
OS uptime: 8 days 4:12 hours
Hyper-V role detected

CPU: total 12 (initial active 12) (12 cores per cpu, 2 threads per core) family 25 model 80 stepping 0 microcode 0xa50000c, cx8, cmov, fxsr, ht, mmx, 3dnowpref, sse, sse2, sse3, ssse3, sse4a, sse4.1, sse4.2, popcnt, lzcnt, tsc, tscinvbit, avx, avx2, aes, erms, clmul, bmi1, bmi2, adx, sha, fma, vzeroupper, clflush, clflushopt, hv, rdtscp, rdpid, fsrm, f16c, cet_ss
Processor Information for the first 12 processors :
  Max Mhz: 3301, Current Mhz: 3301, Mhz Limit: 3301

Memory: 4k page, system-wide physical 7532M (644M free)
TotalPageFile size 30640M (AvailPageFile size 4M)
current process WorkingSet (physical memory assigned to process): 11M, peak: 832M
current process commit charge ("private bytes"): 1000M, peak: 1008M

vm_info: OpenJDK 64-Bit Server VM (21.0.9+10-LTS) for windows-amd64 JRE (21.0.9+10-LTS), built on 2025-10-21T00:00:00Z by "admin" with unknown MS VC++:1942

END.
